// Jest Snapshot v1, https://goo.gl/fbAQLP

exports[`Note component renders a .Note by default 1`] = `
<ContextConsumer>
  <Component />
</ContextConsumer>
`;

exports[`Note component renders the Note given props 1`] = `
<ContextConsumer>
  <Component />
</ContextConsumer>
`;
