// Jest Snapshot v1, https://goo.gl/fbAQLP

exports[`CircleButton component renders a button.CircleButton by default 1`] = `
<a
  className="CircleButton "
/>
`;

exports[`CircleButton component renders the circle button from props 1`] = `
<a
  className="CircleButton test-class-name"
  data-other="test-other-prop"
>
  <p>
    test children
  </p>
</a>
`;
