// Jest Snapshot v1, https://goo.gl/fbAQLP

exports[`Add Folder Side Bar renders to UI as expected 1`] = `[Function]`;
