// Jest Snapshot v1, https://goo.gl/fbAQLP

exports[`NoteListMain component renders a .NoteListMain by default 1`] = `
<section
  className="NoteListMain"
>
  <ErrorBoundary>
    <ul />
    <div
      className="NoteListMain__button-container"
    >
      <CircleButton
        className="NoteListMain__add-note-button"
        tag={
          Object {
            "$$typeof": Symbol(react.forward_ref),
            "propTypes": Object {
              "innerRef": [Function],
              "onClick": [Function],
              "replace": [Function],
              "target": [Function],
              "to": [Function],
            },
            "render": [Function],
          }
        }
        to="/add-note"
        type="button"
      >
        <FontAwesomeIcon
          border={false}
          className=""
          fixedWidth={false}
          flip={null}
          icon="plus"
          inverse={false}
          listItem={false}
          mask={null}
          pull={null}
          pulse={false}
          rotation={null}
          size={null}
          spin={false}
          swapOpacity={false}
          symbol={false}
          title=""
          transform={null}
        />
        <br />
        Note
      </CircleButton>
    </div>
  </ErrorBoundary>
</section>
`;
